reg__83: 
keep__69: 
datapath__3: 
reg__14: 
logic__478: 
logic__457: 
reg__107: 
logic__9: 
keep__72: 
logic__465: 
logic__150: 
reg__114: 
logic__174: 
case__31: 
reg__11: 
Output_Port_Cluster: 
Output_Port: 
xpm_memory_tdpram: 
logic__425: 
muxpart__30: 
case__126: 
xpm_fifo_reg_vec: 
reg__77: 
reg__112: 
reg__106: 
reg__10: 
logic__217: 
logic__254: 
reg__115: 
logic__358: 
logic__171: 
reg__35: 
reg__49: 
logic__409: 
reg__94: 
logic__350: 
logic__282: 
xpm_cdc_gray__parameterized2: 
data_converter: 
logic__328: 
reg__69: 
Config_Controls: 
case__47: 
xpm_fifo_reg_bit: 
read_b_in: 
logic__472: 
case__82: 
logic__37: 
case__118: 
case__39: 
reg__134: 
muxpart__9: 
reg__136: 
reg__110: 
logic__121: 
logic__436: 
logic__104: 
logic__460: 
reg__127: 
reg__42: 
logic__77: 
logic__246: 
datapath__35: 
keep__50: 
logic__141: 
xpm_counter_updn__parameterized0: 
datapath__27: 
logic__263: 
logic__24: 
logic__505: 
datapath__44: 
reg__61: 
Input_Port: 
reg__21: 
reg__57: 
reg__44: 
datapath__32: 
case__80: 
reg__63: 
xpm_fifo_reg_vec__parameterized1: 
keep__46: 
logic__462: 
extram__3: 
extram__2: 
reg__64: 
logic__91: 
reg__142: 
datapath__38: 
logic__414: 
reg__140: 
case__89: 
keep__60: 
logic__398: 
logic__362: 
xpm_counter_updn__parameterized1: 
reg__70: 
datapath__15: 
logic__338: 
counter: 
keep__51: 
logic__3: 
reg__80: 
muxpart__8: 
case__122: 
reg__118: 
logic__432: 
reg__108: 
keep__61: 
logic__257: 
logic__87: 
datapath__29: 
datapath__26: 
logic__117: 
logic__177: 
datapath__11: 
logic__96: 
logic__266: 
keep__66: 
muxpart__10: 
datapath__34: 
reg__37: 
logic__120: 
case__28: 
keep__53: 
logic__75: 
datapath__2: 
logic__154: 
keep__76: 
reg__52: 
counter__1: 
logic__124: 
reg__93: 
reg__79: 
reg__65: 
reg__101: 
datapath__10: 
reg__133: 
case__35: 
keep__59: 
logic__159: 
case__110: 
counter__5: 
reg__87: 
logic__188: 
logic__162: 
logic__114: 
logic__450: 
reg__111: 
case__116: 
logic__456: 
reg__122: 
logic__4: 
logic__476: 
xpm_fifo_async: 
muxpart__11: 
logic__447: 
case__119: 
case__58: 
keep__47: 
logic__464: 
keep__71: 
case__62: 
logic__107: 
logic__337: 
logic__333: 
xpm_fifo_sync: 
counter__2: 
case__57: 
logic__473: 
logic__437: 
logic__355: 
extram__1: 
logic__366: 
reg__50: 
reg__24: 
reg__58: 
logic__178: 
logic__64: 
case__79: 
reg__54: 
logic__417: 
keep__67: 
case__2: 
logic__108: 
keep__48: 
logic__346: 
case__78: 
logic__194: 
datapath__18: 
xpm_counter_updn__parameterized4: 
logic__438: 
logic__353: 
reg__47: 
logic__479: 
reg__6: 
case__48: 
case__52: 
reg__129: 
xpm_fifo_async__xdcDup__1: 
datapath__22: 
reg__60: 
xpm_fifo_base: 
logic__27: 
logic__320: 
logic__181: 
datapath__37: 
datapath__40: 
datapath__1: 
instr_config: 
datapath__17: 
keep__77: 
case__108: 
reg__78: 
reg__5: 
logic__494: 
reg__85: 
datapath__4: 
logic__495: 
reg__109: 
logic__349: 
reg__137: 
reg__88: 
case__115: 
logic__38: 
logic__182: 
logic__185: 
xpm_counter_updn__parameterized3: 
logic__140: 
reg__13: 
reg__72: 
datapath__20: 
logic__76: 
reg__113: 
datapath__8: 
logic__129: 
Input_Port_Cluster: 
logic__468: 
case__127: 
reg__39: 
logic__444: 
logic__157: 
case__81: 
reg__98: 
reg__67: 
reg__38: 
reg__2: 
logic__126: 
logic__485: 
reg__139: 
keep__57: 
logic__142: 
datapath__9: 
logic__166: 
logic__487: 
reg__33: 
logic__83: 
datapath__31: 
reg__30: 
logic__99: 
counter__3: 
logic__354: 
muxpart__7: 
logic__427: 
logic__493: 
logic__218: 
xpm_memory_base: 
logic__454: 
reg__76: 
case__124: 
logic__260: 
logic__78: 
datapath__43: 
reg__74: 
logic: 
reg__26: 
case__18: 
logic__11: 
reg__132: 
logic__169: 
xpm_fifo_rst: 
converge_ctrl: 
reg__145: 
datapath__5: 
case__59: 
reg__59: 
logic__435: 
keep__70: 
keep__44: 
datapath__28: 
reg__43: 
datapath__23: 
reg__104: 
logic__321: 
case__33: 
logic__10: 
logic__347: 
reg__146: 
case__29: 
case__130: 
logic__94: 
keep__49: 
xpm_fifo_rst__parameterized0: 
reg__51: 
xpm_fifo_reg_vec__parameterized2: 
case__60: 
reg__25: 
case__51: 
datapath__13: 
case__3: 
logic__251: 
case__106: 
reg__53: 
logic__189: 
case__27: 
logic__309: 
reg__31: 
xpm_fifo_rst__xdcDup__1: 
logic__215: 
counter__4: 
datapath: 
logic__475: 
datapath__16: 
xpm_cdc_sync_rst: 
logic__430: 
logic__504: 
reg__82: 
xpm_fifo_async__parameterized0: 
reg__23: 
case__128: 
case__55: 
logic__123: 
logic__469: 
datapath__19: 
reg__55: 
leaf: 
logic__336: 
write_b_out: 
logic__212: 
case__21: 
reg__56: 
reg__144: 
reg__97: 
reg: 
case__121: 
reg__27: 
datapath__25: 
logic__474: 
xpm_counter_updn__parameterized2: 
logic__508: 
keep__73: 
datapath__7: 
case__20: 
logic__193: 
reg__138: 
logic__15: 
case__32: 
logic__477: 
reg__91: 
reg__3: 
user_kernel: 
logic__196: 
reg__102: 
logic__322: 
reg__46: 
case__87: 
case: 
reg__130: 
case__90: 
xpm_cdc_gray__parameterized1: 
logic__127: 
keep__64: 
logic__283: 
reg__36: 
muxpart__31: 
reg__90: 
logic__341: 
reg__1: 
keep__45: 
reg__124: 
datapath__33: 
keep__65: 
keep__58: 
case__63: 
logic__488: 
case__34: 
case__30: 
logic__179: 
case__109: 
keep__42: 
logic__158: 
logic__202: 
logic__170: 
reg__131: 
reg__125: 
case__19: 
reg__66: 
Extract_Control: 
case__123: 
reg__8: 
reg__28: 
case__91: 
logic__8: 
leaf_interface: 
Stream_Flow_Control: 
logic__372: 
logic__261: 
write_b_in: 
logic__101: 
case__61: 
logic__128: 
reg__68: 
keep__78: 
case__88: 
logic__371: 
case__37: 
xpm_memory_base__parameterized1: 
reg__18: 
reg__86: 
logic__503: 
logic__329: 
logic__80: 
reg__119: 
reg__45: 
reg__128: 
xpm_fifo_base__xdcDup__1: 
reg__126: 
reg__89: 
keep__43: 
keep__54: 
extram: 
logic__105: 
case__129: 
reg__105: 
case__49: 
datapath__12: 
datapath__39: 
case__1: 
xpm_cdc_gray: 
logic__79: 
reg__135: 
case__120: 
case__22: 
case__117: 
logic__122: 
reg__143: 
case__54: 
logic__439: 
xpm_cdc_gray__parameterized0: 
logic__111: 
datapath__21: 
keep__56: 
logic__361: 
reg__84: 
xpm_fifo_base__parameterized1: 
reg__9: 
reg__103: 
logic__165: 
keep: 
logic__343: 
logic__463: 
case__38: 
logic__86: 
xpm_memory_base__parameterized2: 
reg__48: 
reg__22: 
xpm_fifo_reg_vec__parameterized0: 
reg__62: 
case__50: 
case__36: 
reg__81: 
logic__201: 
logic__443: 
logic__262: 
case__46: 
logic__275: 
logic__100: 
logic__461: 
muxpart: 
reg__7: 
logic__130: 
keep__55: 
case__53: 
reg__32: 
logic__125: 
logic__418: 
keep__68: 
reg__75: 
xpm_fifo_base__parameterized0: 
case__125: 
reg__40: 
datapath__41: 
xpm_fifo_rst__xdcDup__2: 
logic__272: 
reg__29: 
reg__92: 
logic__410: 
xpm_memory_base__parameterized0: 
logic__492: 
logic__106: 
logic__325: 
logic__191: 
keep__63: 
logic__12: 
logic__411: 
keep__74: 
rise_detect: 
case__107: 
keep__75: 
datapath__42: 
logic__180: 
datapath__24: 
datapath__45: 
case__56: 
reg__12: 
datapath__14: 
reg__73: 
logic__95: 
logic__422: 
reg__41: 
reg__17: 
case__131: 
logic__365: 
logic__348: 
datapath__30: 
datapath__6: 
logic__426: 
logic__190: 
logic__149: 
keep__62: 
reg__123: 
logic__133: 
xpm_counter_updn: 
reg__4: 
keep__52: 
logic__486: 
logic__342: 
reg__71: 
datapath__36: 
reg__34: 
logic__496: 
logic__431: 
reg__141: 
